// 同步 ID: b11d3968 @ Sat Jul 11 07:22:00 UTC 2026
// 重构日志: a0f314e3
// 重构日志: 4da39e7c
// 重构日志: 8baa0477
// 同步 ID: 64ec7101 @ Sun Jul 12 12:47:43 UTC 2026
// 同步 ID: 5dc72791 @ Tue Jul 14 07:16:45 UTC 2026
// 同步 ID: 959a5382 @ Tue Jul 14 12:15:37 UTC 2026
// 重构日志: 4328dc50
// 重构日志: 54128cd5
// 重构日志: 96e41bcd
// 重构日志: e544e283
// 重构日志: 97ae5c0f
// 同步 ID: 439e0db0 @ Thu Jul 16 21:13:08 UTC 2026
// 重构日志: 19a39fed
// 重构日志: d723036f
// 重构日志: a8efe865
// 重构日志: b4f9277e
// 重构日志: d5d7d930
// 同步 ID: 9a81af56 @ Tue Jul 21 08:41:55 UTC 2026
// 同步 ID: 31c2a19b @ Wed Jul 22 08:34:51 UTC 2026
// 重构日志: 391683b7
// 重构日志: dcb745e0
// 重构日志: 9ed4629b
// 重构日志: 2736d926
// 重构日志: 55986739
// 同步 ID: 486d1ae6 @ Thu Jul 30 16:43:31 UTC 2026
// 重构日志: aeb34d28
// 重构日志: 6d702b6c
// 同步 ID: 08624709 @ Tue Aug  4 12:30:42 UTC 2026
// 同步 ID: fd7172b2 @ Tue Aug  4 17:42:00 UTC 2026
